// Jest Snapshot v1, https://goo.gl/fbAQLP

exports[`Element option object allows override truncateOptions for too long value 1`] = `
Object {
  "text": Object {
    "emoji": true,
    "text": "Why best?",
    "type": "plain_text",
  },
  "value": "012345678901234567890123456789012345678901234567890123456789012345678901234",
}
`;

exports[`Element option object renders 1`] = `
Object {
  "text": Object {
    "emoji": true,
    "text": "Why best?",
    "type": "plain_text",
  },
  "value": "why-best-raven",
}
`;

exports[`Element option object truncates ellipsis for text, description 1`] = `
Object {
  "description": Object {
    "text": "012345678901234567890123456789012345678901234567890123456789012345678901...",
    "type": "plain_text",
  },
  "text": Object {
    "emoji": true,
    "text": "012345678901234567890123456789012345678901234567890123456789012345678901...",
    "type": "plain_text",
  },
  "value": "why-best-raven",
}
`;

exports[`Element option object truncates url 1`] = `
Object {
  "text": Object {
    "emoji": true,
    "text": "Why best?",
    "type": "plain_text",
  },
  "url": "012345678901234567890123456789012345678901234567890123456789012345678901234567890123456789012345678901234567890123456789012345678901234567890123456789012345678901234567890123456789012345678901234567890123456789012345678901234567890123456789012345678901234567890123456789012345678901234567890123456789012345678901234567890123456789012345678901234567890123456789012345678901234567890123456789012345678901234567890123456789012345678901234567890123456789012345678901234567890123456789012345678901234567890123456789012345678901234567890123456789012345678901234567890123456789012345678901234567890123456789012345678901234567890123456789012345678901234567890123456789012345678901234567890123456789012345678901234567890123456789012345678901234567890123456789012345678901234567890123456789012345678901234567890123456789012345678901234567890123456789012345678901234567890123456789012345678901234567890123456789012345678901234567890123456789012345678901234567890123456789012345678901234567890123456789012345678901234567890123456789012345678901234567890123456789012345678901234567890123456789012345678901234567890123456789012345678901234567890123456789012345678901234567890123456789012345678901234567890123456789012345678901234567890123456789012345678901234567890123456789012345678901234567890123456789012345678901234567890123456789012345678901234567890123456789012345678901234567890123456789012345678901234567890123456789012345678901234567890123456789012345678901234567890123456789012345678901234567890123456789012345678901234567890123456789012345678901234567890123456789012345678901234567890123456789012345678901234567890123456789012345678901234567890123456789012345678901234567890123456789012345678901234567890123456789012345678901234567890123456789012345678901234567890123456789012345678901234567890123456789012345678901234567890123456789012345678901234567890123456789012345678901234567890123456789012345678901234567890123456789012345678901234567890123456789012345678901234567890123456789012345678901234567890123456789012345678901234567890123456789012345678901234567890123456789012345678901234567890123456789012345678901234567890123456789012345678901234567890123456789012345678901234567890123456789012345678901234567890123456789012345678901234567890123456789012345678901234567890123456789012345678901234567890123456789012345678901234567890123456789012345678901234567890123456789012345678901234567890123456789012345678901234567890123456789012345678901234567890123456789012345678901234567890123456789012345678901234567890123456789012345678901234567890123456789012345678901234567890123456789012345678901234567890123456789012345678901234567890123456789012345678901234567890123456789012345678901234567890123456789012345678901234567890123456789012345678901234567890123456789012345678901234567890123456789012345678901234567890123456789012345678901234567890123456789012345678901234567890123456789012345678901234567890123456789012345678901234567890123456789012345678901234567890123456789012345678901234567890123456789",
  "value": "why-best-raven",
}
`;
